                              1 ;--------------------------------------------------------
                              2 ; File Created by SDCC : free open source ANSI-C Compiler
                              3 ; Version 3.8.0 #10562 (Linux)
                              4 ;--------------------------------------------------------
                              5 	.module font
                              6 	.optsdcc -mz80
                              7 	
                              8 ;--------------------------------------------------------
                              9 ; Public variables in this module
                             10 ;--------------------------------------------------------
                             11 	.globl _font
                             12 ;--------------------------------------------------------
                             13 ; special function registers
                             14 ;--------------------------------------------------------
                             15 ;--------------------------------------------------------
                             16 ; ram data
                             17 ;--------------------------------------------------------
                             18 	.area _DATA
                             19 ;--------------------------------------------------------
                             20 ; ram data
                             21 ;--------------------------------------------------------
                             22 	.area _INITIALIZED
   0000                      23 _font::
   0000                      24 	.ds 768
                             25 ;--------------------------------------------------------
                             26 ; absolute external ram data
                             27 ;--------------------------------------------------------
                             28 	.area _DABS (ABS)
                             29 ;--------------------------------------------------------
                             30 ; global & static initialisations
                             31 ;--------------------------------------------------------
                             32 	.area _HOME
                             33 	.area _GSINIT
                             34 	.area _GSFINAL
                             35 	.area _GSINIT
                             36 ;--------------------------------------------------------
                             37 ; Home
                             38 ;--------------------------------------------------------
                             39 	.area _HOME
                             40 	.area _HOME
                             41 ;--------------------------------------------------------
                             42 ; code
                             43 ;--------------------------------------------------------
                             44 	.area _CODE
                             45 	.area _CODE
                             46 	.area _INITIALIZER
   0000                      47 __xinit__font:
   0000 00                   48 	.db #0x00	; 0
   0001 00                   49 	.db #0x00	; 0
   0002 00                   50 	.db #0x00	; 0
   0003 00                   51 	.db #0x00	; 0
   0004 00                   52 	.db #0x00	; 0
   0005 00                   53 	.db #0x00	; 0
   0006 00                   54 	.db #0x00	; 0
   0007 00                   55 	.db #0x00	; 0
   0008 30                   56 	.db #0x30	; 48	'0'
   0009 78                   57 	.db #0x78	; 120	'x'
   000A 78                   58 	.db #0x78	; 120	'x'
   000B 78                   59 	.db #0x78	; 120	'x'
   000C 30                   60 	.db #0x30	; 48	'0'
   000D 00                   61 	.db #0x00	; 0
   000E 30                   62 	.db #0x30	; 48	'0'
   000F 00                   63 	.db #0x00	; 0
   0010 CC                   64 	.db #0xcc	; 204
   0011 66                   65 	.db #0x66	; 102	'f'
   0012 33                   66 	.db #0x33	; 51	'3'
   0013 00                   67 	.db #0x00	; 0
   0014 00                   68 	.db #0x00	; 0
   0015 00                   69 	.db #0x00	; 0
   0016 00                   70 	.db #0x00	; 0
   0017 00                   71 	.db #0x00	; 0
   0018 00                   72 	.db #0x00	; 0
   0019 36                   73 	.db #0x36	; 54	'6'
   001A 7F                   74 	.db #0x7f	; 127
   001B 36                   75 	.db #0x36	; 54	'6'
   001C 36                   76 	.db #0x36	; 54	'6'
   001D 7F                   77 	.db #0x7f	; 127
   001E 36                   78 	.db #0x36	; 54	'6'
   001F 00                   79 	.db #0x00	; 0
   0020 7C                   80 	.db #0x7c	; 124
   0021 D6                   81 	.db #0xd6	; 214
   0022 D0                   82 	.db #0xd0	; 208
   0023 7C                   83 	.db #0x7c	; 124
   0024 16                   84 	.db #0x16	; 22
   0025 D6                   85 	.db #0xd6	; 214
   0026 7C                   86 	.db #0x7c	; 124
   0027 10                   87 	.db #0x10	; 16
   0028 E3                   88 	.db #0xe3	; 227
   0029 A6                   89 	.db #0xa6	; 166
   002A EC                   90 	.db #0xec	; 236
   002B 18                   91 	.db #0x18	; 24
   002C 37                   92 	.db #0x37	; 55	'7'
   002D 65                   93 	.db #0x65	; 101	'e'
   002E C7                   94 	.db #0xc7	; 199
   002F 00                   95 	.db #0x00	; 0
   0030 38                   96 	.db #0x38	; 56	'8'
   0031 4C                   97 	.db #0x4c	; 76	'L'
   0032 38                   98 	.db #0x38	; 56	'8'
   0033 45                   99 	.db #0x45	; 69	'E'
   0034 C6                  100 	.db #0xc6	; 198
   0035 CE                  101 	.db #0xce	; 206
   0036 7A                  102 	.db #0x7a	; 122	'z'
   0037 01                  103 	.db #0x01	; 1
   0038 06                  104 	.db #0x06	; 6
   0039 0C                  105 	.db #0x0c	; 12
   003A 18                  106 	.db #0x18	; 24
   003B 00                  107 	.db #0x00	; 0
   003C 00                  108 	.db #0x00	; 0
   003D 00                  109 	.db #0x00	; 0
   003E 00                  110 	.db #0x00	; 0
   003F 00                  111 	.db #0x00	; 0
   0040 0C                  112 	.db #0x0c	; 12
   0041 18                  113 	.db #0x18	; 24
   0042 18                  114 	.db #0x18	; 24
   0043 18                  115 	.db #0x18	; 24
   0044 18                  116 	.db #0x18	; 24
   0045 18                  117 	.db #0x18	; 24
   0046 18                  118 	.db #0x18	; 24
   0047 0C                  119 	.db #0x0c	; 12
   0048 60                  120 	.db #0x60	; 96
   0049 30                  121 	.db #0x30	; 48	'0'
   004A 30                  122 	.db #0x30	; 48	'0'
   004B 30                  123 	.db #0x30	; 48	'0'
   004C 30                  124 	.db #0x30	; 48	'0'
   004D 30                  125 	.db #0x30	; 48	'0'
   004E 30                  126 	.db #0x30	; 48	'0'
   004F 60                  127 	.db #0x60	; 96
   0050 10                  128 	.db #0x10	; 16
   0051 54                  129 	.db #0x54	; 84	'T'
   0052 38                  130 	.db #0x38	; 56	'8'
   0053 FE                  131 	.db #0xfe	; 254
   0054 38                  132 	.db #0x38	; 56	'8'
   0055 54                  133 	.db #0x54	; 84	'T'
   0056 10                  134 	.db #0x10	; 16
   0057 00                  135 	.db #0x00	; 0
   0058 00                  136 	.db #0x00	; 0
   0059 18                  137 	.db #0x18	; 24
   005A 18                  138 	.db #0x18	; 24
   005B 7E                  139 	.db #0x7e	; 126
   005C 18                  140 	.db #0x18	; 24
   005D 18                  141 	.db #0x18	; 24
   005E 00                  142 	.db #0x00	; 0
   005F 00                  143 	.db #0x00	; 0
   0060 00                  144 	.db #0x00	; 0
   0061 00                  145 	.db #0x00	; 0
   0062 00                  146 	.db #0x00	; 0
   0063 00                  147 	.db #0x00	; 0
   0064 00                  148 	.db #0x00	; 0
   0065 00                  149 	.db #0x00	; 0
   0066 18                  150 	.db #0x18	; 24
   0067 30                  151 	.db #0x30	; 48	'0'
   0068 00                  152 	.db #0x00	; 0
   0069 00                  153 	.db #0x00	; 0
   006A 00                  154 	.db #0x00	; 0
   006B 7E                  155 	.db #0x7e	; 126
   006C 00                  156 	.db #0x00	; 0
   006D 00                  157 	.db #0x00	; 0
   006E 00                  158 	.db #0x00	; 0
   006F 00                  159 	.db #0x00	; 0
   0070 00                  160 	.db #0x00	; 0
   0071 00                  161 	.db #0x00	; 0
   0072 00                  162 	.db #0x00	; 0
   0073 00                  163 	.db #0x00	; 0
   0074 00                  164 	.db #0x00	; 0
   0075 00                  165 	.db #0x00	; 0
   0076 30                  166 	.db #0x30	; 48	'0'
   0077 00                  167 	.db #0x00	; 0
   0078 00                  168 	.db #0x00	; 0
   0079 03                  169 	.db #0x03	; 3
   007A 06                  170 	.db #0x06	; 6
   007B 0C                  171 	.db #0x0c	; 12
   007C 18                  172 	.db #0x18	; 24
   007D 30                  173 	.db #0x30	; 48	'0'
   007E 60                  174 	.db #0x60	; 96
   007F 00                  175 	.db #0x00	; 0
   0080 7C                  176 	.db #0x7c	; 124
   0081 CE                  177 	.db #0xce	; 206
   0082 DE                  178 	.db #0xde	; 222
   0083 FE                  179 	.db #0xfe	; 254
   0084 EE                  180 	.db #0xee	; 238
   0085 CE                  181 	.db #0xce	; 206
   0086 7C                  182 	.db #0x7c	; 124
   0087 00                  183 	.db #0x00	; 0
   0088 1C                  184 	.db #0x1c	; 28
   0089 3C                  185 	.db #0x3c	; 60
   008A 1C                  186 	.db #0x1c	; 28
   008B 1C                  187 	.db #0x1c	; 28
   008C 1C                  188 	.db #0x1c	; 28
   008D 1C                  189 	.db #0x1c	; 28
   008E 1C                  190 	.db #0x1c	; 28
   008F 00                  191 	.db #0x00	; 0
   0090 7C                  192 	.db #0x7c	; 124
   0091 CE                  193 	.db #0xce	; 206
   0092 0E                  194 	.db #0x0e	; 14
   0093 1C                  195 	.db #0x1c	; 28
   0094 38                  196 	.db #0x38	; 56	'8'
   0095 70                  197 	.db #0x70	; 112	'p'
   0096 FE                  198 	.db #0xfe	; 254
   0097 00                  199 	.db #0x00	; 0
   0098 7C                  200 	.db #0x7c	; 124
   0099 CE                  201 	.db #0xce	; 206
   009A 0E                  202 	.db #0x0e	; 14
   009B 3C                  203 	.db #0x3c	; 60
   009C 0E                  204 	.db #0x0e	; 14
   009D CE                  205 	.db #0xce	; 206
   009E 7C                  206 	.db #0x7c	; 124
   009F 00                  207 	.db #0x00	; 0
   00A0 CE                  208 	.db #0xce	; 206
   00A1 CE                  209 	.db #0xce	; 206
   00A2 CE                  210 	.db #0xce	; 206
   00A3 CE                  211 	.db #0xce	; 206
   00A4 FE                  212 	.db #0xfe	; 254
   00A5 0E                  213 	.db #0x0e	; 14
   00A6 0E                  214 	.db #0x0e	; 14
   00A7 00                  215 	.db #0x00	; 0
   00A8 FE                  216 	.db #0xfe	; 254
   00A9 E0                  217 	.db #0xe0	; 224
   00AA E0                  218 	.db #0xe0	; 224
   00AB FC                  219 	.db #0xfc	; 252
   00AC 0E                  220 	.db #0x0e	; 14
   00AD 0E                  221 	.db #0x0e	; 14
   00AE FC                  222 	.db #0xfc	; 252
   00AF 00                  223 	.db #0x00	; 0
   00B0 7C                  224 	.db #0x7c	; 124
   00B1 E6                  225 	.db #0xe6	; 230
   00B2 E0                  226 	.db #0xe0	; 224
   00B3 FC                  227 	.db #0xfc	; 252
   00B4 E6                  228 	.db #0xe6	; 230
   00B5 E6                  229 	.db #0xe6	; 230
   00B6 7C                  230 	.db #0x7c	; 124
   00B7 00                  231 	.db #0x00	; 0
   00B8 FE                  232 	.db #0xfe	; 254
   00B9 06                  233 	.db #0x06	; 6
   00BA 0E                  234 	.db #0x0e	; 14
   00BB 1C                  235 	.db #0x1c	; 28
   00BC 38                  236 	.db #0x38	; 56	'8'
   00BD 38                  237 	.db #0x38	; 56	'8'
   00BE 38                  238 	.db #0x38	; 56	'8'
   00BF 00                  239 	.db #0x00	; 0
   00C0 7C                  240 	.db #0x7c	; 124
   00C1 E6                  241 	.db #0xe6	; 230
   00C2 E6                  242 	.db #0xe6	; 230
   00C3 7C                  243 	.db #0x7c	; 124
   00C4 E6                  244 	.db #0xe6	; 230
   00C5 E6                  245 	.db #0xe6	; 230
   00C6 7C                  246 	.db #0x7c	; 124
   00C7 00                  247 	.db #0x00	; 0
   00C8 7C                  248 	.db #0x7c	; 124
   00C9 CE                  249 	.db #0xce	; 206
   00CA CE                  250 	.db #0xce	; 206
   00CB 7E                  251 	.db #0x7e	; 126
   00CC 0E                  252 	.db #0x0e	; 14
   00CD 0E                  253 	.db #0x0e	; 14
   00CE FC                  254 	.db #0xfc	; 252
   00CF 00                  255 	.db #0x00	; 0
   00D0 00                  256 	.db #0x00	; 0
   00D1 30                  257 	.db #0x30	; 48	'0'
   00D2 00                  258 	.db #0x00	; 0
   00D3 00                  259 	.db #0x00	; 0
   00D4 00                  260 	.db #0x00	; 0
   00D5 30                  261 	.db #0x30	; 48	'0'
   00D6 00                  262 	.db #0x00	; 0
   00D7 00                  263 	.db #0x00	; 0
   00D8 00                  264 	.db #0x00	; 0
   00D9 30                  265 	.db #0x30	; 48	'0'
   00DA 00                  266 	.db #0x00	; 0
   00DB 00                  267 	.db #0x00	; 0
   00DC 00                  268 	.db #0x00	; 0
   00DD 30                  269 	.db #0x30	; 48	'0'
   00DE 60                  270 	.db #0x60	; 96
   00DF 00                  271 	.db #0x00	; 0
   00E0 00                  272 	.db #0x00	; 0
   00E1 18                  273 	.db #0x18	; 24
   00E2 30                  274 	.db #0x30	; 48	'0'
   00E3 60                  275 	.db #0x60	; 96
   00E4 30                  276 	.db #0x30	; 48	'0'
   00E5 18                  277 	.db #0x18	; 24
   00E6 00                  278 	.db #0x00	; 0
   00E7 00                  279 	.db #0x00	; 0
   00E8 00                  280 	.db #0x00	; 0
   00E9 00                  281 	.db #0x00	; 0
   00EA 7E                  282 	.db #0x7e	; 126
   00EB 00                  283 	.db #0x00	; 0
   00EC 7E                  284 	.db #0x7e	; 126
   00ED 00                  285 	.db #0x00	; 0
   00EE 00                  286 	.db #0x00	; 0
   00EF 00                  287 	.db #0x00	; 0
   00F0 00                  288 	.db #0x00	; 0
   00F1 30                  289 	.db #0x30	; 48	'0'
   00F2 18                  290 	.db #0x18	; 24
   00F3 0C                  291 	.db #0x0c	; 12
   00F4 18                  292 	.db #0x18	; 24
   00F5 30                  293 	.db #0x30	; 48	'0'
   00F6 00                  294 	.db #0x00	; 0
   00F7 00                  295 	.db #0x00	; 0
   00F8 7C                  296 	.db #0x7c	; 124
   00F9 C6                  297 	.db #0xc6	; 198
   00FA 0E                  298 	.db #0x0e	; 14
   00FB 1C                  299 	.db #0x1c	; 28
   00FC 38                  300 	.db #0x38	; 56	'8'
   00FD 00                  301 	.db #0x00	; 0
   00FE 38                  302 	.db #0x38	; 56	'8'
   00FF 00                  303 	.db #0x00	; 0
   0100 7C                  304 	.db #0x7c	; 124
   0101 C6                  305 	.db #0xc6	; 198
   0102 DE                  306 	.db #0xde	; 222
   0103 DE                  307 	.db #0xde	; 222
   0104 DC                  308 	.db #0xdc	; 220
   0105 C0                  309 	.db #0xc0	; 192
   0106 7C                  310 	.db #0x7c	; 124
   0107 00                  311 	.db #0x00	; 0
   0108 7C                  312 	.db #0x7c	; 124
   0109 E6                  313 	.db #0xe6	; 230
   010A E6                  314 	.db #0xe6	; 230
   010B E6                  315 	.db #0xe6	; 230
   010C FE                  316 	.db #0xfe	; 254
   010D E6                  317 	.db #0xe6	; 230
   010E E6                  318 	.db #0xe6	; 230
   010F 00                  319 	.db #0x00	; 0
   0110 FC                  320 	.db #0xfc	; 252
   0111 E6                  321 	.db #0xe6	; 230
   0112 E6                  322 	.db #0xe6	; 230
   0113 FC                  323 	.db #0xfc	; 252
   0114 E6                  324 	.db #0xe6	; 230
   0115 E6                  325 	.db #0xe6	; 230
   0116 FC                  326 	.db #0xfc	; 252
   0117 00                  327 	.db #0x00	; 0
   0118 7C                  328 	.db #0x7c	; 124
   0119 E6                  329 	.db #0xe6	; 230
   011A E0                  330 	.db #0xe0	; 224
   011B E0                  331 	.db #0xe0	; 224
   011C E6                  332 	.db #0xe6	; 230
   011D E6                  333 	.db #0xe6	; 230
   011E 7C                  334 	.db #0x7c	; 124
   011F 00                  335 	.db #0x00	; 0
   0120 FC                  336 	.db #0xfc	; 252
   0121 E6                  337 	.db #0xe6	; 230
   0122 E6                  338 	.db #0xe6	; 230
   0123 E6                  339 	.db #0xe6	; 230
   0124 E6                  340 	.db #0xe6	; 230
   0125 E6                  341 	.db #0xe6	; 230
   0126 FC                  342 	.db #0xfc	; 252
   0127 00                  343 	.db #0x00	; 0
   0128 FE                  344 	.db #0xfe	; 254
   0129 E0                  345 	.db #0xe0	; 224
   012A E0                  346 	.db #0xe0	; 224
   012B FE                  347 	.db #0xfe	; 254
   012C E0                  348 	.db #0xe0	; 224
   012D E0                  349 	.db #0xe0	; 224
   012E FE                  350 	.db #0xfe	; 254
   012F 00                  351 	.db #0x00	; 0
   0130 FE                  352 	.db #0xfe	; 254
   0131 E0                  353 	.db #0xe0	; 224
   0132 E0                  354 	.db #0xe0	; 224
   0133 FE                  355 	.db #0xfe	; 254
   0134 E0                  356 	.db #0xe0	; 224
   0135 E0                  357 	.db #0xe0	; 224
   0136 E0                  358 	.db #0xe0	; 224
   0137 00                  359 	.db #0x00	; 0
   0138 7C                  360 	.db #0x7c	; 124
   0139 E6                  361 	.db #0xe6	; 230
   013A E0                  362 	.db #0xe0	; 224
   013B EE                  363 	.db #0xee	; 238
   013C E6                  364 	.db #0xe6	; 230
   013D E6                  365 	.db #0xe6	; 230
   013E 7C                  366 	.db #0x7c	; 124
   013F 00                  367 	.db #0x00	; 0
   0140 E6                  368 	.db #0xe6	; 230
   0141 E6                  369 	.db #0xe6	; 230
   0142 E6                  370 	.db #0xe6	; 230
   0143 FE                  371 	.db #0xfe	; 254
   0144 E6                  372 	.db #0xe6	; 230
   0145 E6                  373 	.db #0xe6	; 230
   0146 E6                  374 	.db #0xe6	; 230
   0147 00                  375 	.db #0x00	; 0
   0148 38                  376 	.db #0x38	; 56	'8'
   0149 38                  377 	.db #0x38	; 56	'8'
   014A 38                  378 	.db #0x38	; 56	'8'
   014B 38                  379 	.db #0x38	; 56	'8'
   014C 38                  380 	.db #0x38	; 56	'8'
   014D 38                  381 	.db #0x38	; 56	'8'
   014E 38                  382 	.db #0x38	; 56	'8'
   014F 00                  383 	.db #0x00	; 0
   0150 0E                  384 	.db #0x0e	; 14
   0151 0E                  385 	.db #0x0e	; 14
   0152 0E                  386 	.db #0x0e	; 14
   0153 0E                  387 	.db #0x0e	; 14
   0154 CE                  388 	.db #0xce	; 206
   0155 CE                  389 	.db #0xce	; 206
   0156 7C                  390 	.db #0x7c	; 124
   0157 00                  391 	.db #0x00	; 0
   0158 E6                  392 	.db #0xe6	; 230
   0159 EC                  393 	.db #0xec	; 236
   015A F8                  394 	.db #0xf8	; 248
   015B F0                  395 	.db #0xf0	; 240
   015C F8                  396 	.db #0xf8	; 248
   015D EC                  397 	.db #0xec	; 236
   015E E6                  398 	.db #0xe6	; 230
   015F 00                  399 	.db #0x00	; 0
   0160 E0                  400 	.db #0xe0	; 224
   0161 E0                  401 	.db #0xe0	; 224
   0162 E0                  402 	.db #0xe0	; 224
   0163 E0                  403 	.db #0xe0	; 224
   0164 E0                  404 	.db #0xe0	; 224
   0165 E0                  405 	.db #0xe0	; 224
   0166 FE                  406 	.db #0xfe	; 254
   0167 00                  407 	.db #0x00	; 0
   0168 C6                  408 	.db #0xc6	; 198
   0169 EE                  409 	.db #0xee	; 238
   016A FE                  410 	.db #0xfe	; 254
   016B D6                  411 	.db #0xd6	; 214
   016C C6                  412 	.db #0xc6	; 198
   016D C6                  413 	.db #0xc6	; 198
   016E C6                  414 	.db #0xc6	; 198
   016F 00                  415 	.db #0x00	; 0
   0170 C6                  416 	.db #0xc6	; 198
   0171 E6                  417 	.db #0xe6	; 230
   0172 F6                  418 	.db #0xf6	; 246
   0173 FE                  419 	.db #0xfe	; 254
   0174 EE                  420 	.db #0xee	; 238
   0175 E6                  421 	.db #0xe6	; 230
   0176 E6                  422 	.db #0xe6	; 230
   0177 00                  423 	.db #0x00	; 0
   0178 7C                  424 	.db #0x7c	; 124
   0179 E6                  425 	.db #0xe6	; 230
   017A E6                  426 	.db #0xe6	; 230
   017B E6                  427 	.db #0xe6	; 230
   017C E6                  428 	.db #0xe6	; 230
   017D E6                  429 	.db #0xe6	; 230
   017E 7C                  430 	.db #0x7c	; 124
   017F 00                  431 	.db #0x00	; 0
   0180 FC                  432 	.db #0xfc	; 252
   0181 E6                  433 	.db #0xe6	; 230
   0182 E6                  434 	.db #0xe6	; 230
   0183 FC                  435 	.db #0xfc	; 252
   0184 E0                  436 	.db #0xe0	; 224
   0185 E0                  437 	.db #0xe0	; 224
   0186 E0                  438 	.db #0xe0	; 224
   0187 00                  439 	.db #0x00	; 0
   0188 7C                  440 	.db #0x7c	; 124
   0189 E6                  441 	.db #0xe6	; 230
   018A E6                  442 	.db #0xe6	; 230
   018B E6                  443 	.db #0xe6	; 230
   018C E6                  444 	.db #0xe6	; 230
   018D EA                  445 	.db #0xea	; 234
   018E 74                  446 	.db #0x74	; 116	't'
   018F 02                  447 	.db #0x02	; 2
   0190 FC                  448 	.db #0xfc	; 252
   0191 E6                  449 	.db #0xe6	; 230
   0192 E6                  450 	.db #0xe6	; 230
   0193 FC                  451 	.db #0xfc	; 252
   0194 E6                  452 	.db #0xe6	; 230
   0195 E6                  453 	.db #0xe6	; 230
   0196 E6                  454 	.db #0xe6	; 230
   0197 00                  455 	.db #0x00	; 0
   0198 7C                  456 	.db #0x7c	; 124
   0199 E6                  457 	.db #0xe6	; 230
   019A E0                  458 	.db #0xe0	; 224
   019B 7C                  459 	.db #0x7c	; 124
   019C 0E                  460 	.db #0x0e	; 14
   019D CE                  461 	.db #0xce	; 206
   019E 7C                  462 	.db #0x7c	; 124
   019F 00                  463 	.db #0x00	; 0
   01A0 FE                  464 	.db #0xfe	; 254
   01A1 38                  465 	.db #0x38	; 56	'8'
   01A2 38                  466 	.db #0x38	; 56	'8'
   01A3 38                  467 	.db #0x38	; 56	'8'
   01A4 38                  468 	.db #0x38	; 56	'8'
   01A5 38                  469 	.db #0x38	; 56	'8'
   01A6 38                  470 	.db #0x38	; 56	'8'
   01A7 00                  471 	.db #0x00	; 0
   01A8 E6                  472 	.db #0xe6	; 230
   01A9 E6                  473 	.db #0xe6	; 230
   01AA E6                  474 	.db #0xe6	; 230
   01AB E6                  475 	.db #0xe6	; 230
   01AC E6                  476 	.db #0xe6	; 230
   01AD E6                  477 	.db #0xe6	; 230
   01AE 7C                  478 	.db #0x7c	; 124
   01AF 00                  479 	.db #0x00	; 0
   01B0 E6                  480 	.db #0xe6	; 230
   01B1 E6                  481 	.db #0xe6	; 230
   01B2 E6                  482 	.db #0xe6	; 230
   01B3 E6                  483 	.db #0xe6	; 230
   01B4 E6                  484 	.db #0xe6	; 230
   01B5 7C                  485 	.db #0x7c	; 124
   01B6 38                  486 	.db #0x38	; 56	'8'
   01B7 00                  487 	.db #0x00	; 0
   01B8 C6                  488 	.db #0xc6	; 198
   01B9 C6                  489 	.db #0xc6	; 198
   01BA C6                  490 	.db #0xc6	; 198
   01BB D6                  491 	.db #0xd6	; 214
   01BC D6                  492 	.db #0xd6	; 214
   01BD FE                  493 	.db #0xfe	; 254
   01BE FC                  494 	.db #0xfc	; 252
   01BF 00                  495 	.db #0x00	; 0
   01C0 E3                  496 	.db #0xe3	; 227
   01C1 76                  497 	.db #0x76	; 118	'v'
   01C2 3C                  498 	.db #0x3c	; 60
   01C3 18                  499 	.db #0x18	; 24
   01C4 3C                  500 	.db #0x3c	; 60
   01C5 6E                  501 	.db #0x6e	; 110	'n'
   01C6 C7                  502 	.db #0xc7	; 199
   01C7 00                  503 	.db #0x00	; 0
   01C8 E6                  504 	.db #0xe6	; 230
   01C9 E6                  505 	.db #0xe6	; 230
   01CA 7C                  506 	.db #0x7c	; 124
   01CB 38                  507 	.db #0x38	; 56	'8'
   01CC 38                  508 	.db #0x38	; 56	'8'
   01CD 38                  509 	.db #0x38	; 56	'8'
   01CE 38                  510 	.db #0x38	; 56	'8'
   01CF 00                  511 	.db #0x00	; 0
   01D0 FE                  512 	.db #0xfe	; 254
   01D1 0E                  513 	.db #0x0e	; 14
   01D2 1C                  514 	.db #0x1c	; 28
   01D3 38                  515 	.db #0x38	; 56	'8'
   01D4 70                  516 	.db #0x70	; 112	'p'
   01D5 E0                  517 	.db #0xe0	; 224
   01D6 FE                  518 	.db #0xfe	; 254
   01D7 00                  519 	.db #0x00	; 0
   01D8 1C                  520 	.db #0x1c	; 28
   01D9 18                  521 	.db #0x18	; 24
   01DA 18                  522 	.db #0x18	; 24
   01DB 18                  523 	.db #0x18	; 24
   01DC 18                  524 	.db #0x18	; 24
   01DD 18                  525 	.db #0x18	; 24
   01DE 18                  526 	.db #0x18	; 24
   01DF 1C                  527 	.db #0x1c	; 28
   01E0 00                  528 	.db #0x00	; 0
   01E1 60                  529 	.db #0x60	; 96
   01E2 30                  530 	.db #0x30	; 48	'0'
   01E3 18                  531 	.db #0x18	; 24
   01E4 0C                  532 	.db #0x0c	; 12
   01E5 06                  533 	.db #0x06	; 6
   01E6 03                  534 	.db #0x03	; 3
   01E7 00                  535 	.db #0x00	; 0
   01E8 70                  536 	.db #0x70	; 112	'p'
   01E9 30                  537 	.db #0x30	; 48	'0'
   01EA 30                  538 	.db #0x30	; 48	'0'
   01EB 30                  539 	.db #0x30	; 48	'0'
   01EC 30                  540 	.db #0x30	; 48	'0'
   01ED 30                  541 	.db #0x30	; 48	'0'
   01EE 30                  542 	.db #0x30	; 48	'0'
   01EF 70                  543 	.db #0x70	; 112	'p'
   01F0 18                  544 	.db #0x18	; 24
   01F1 3C                  545 	.db #0x3c	; 60
   01F2 66                  546 	.db #0x66	; 102	'f'
   01F3 C3                  547 	.db #0xc3	; 195
   01F4 00                  548 	.db #0x00	; 0
   01F5 00                  549 	.db #0x00	; 0
   01F6 00                  550 	.db #0x00	; 0
   01F7 00                  551 	.db #0x00	; 0
   01F8 00                  552 	.db #0x00	; 0
   01F9 00                  553 	.db #0x00	; 0
   01FA 00                  554 	.db #0x00	; 0
   01FB 00                  555 	.db #0x00	; 0
   01FC 00                  556 	.db #0x00	; 0
   01FD 00                  557 	.db #0x00	; 0
   01FE 00                  558 	.db #0x00	; 0
   01FF FF                  559 	.db #0xff	; 255
   0200 30                  560 	.db #0x30	; 48	'0'
   0201 18                  561 	.db #0x18	; 24
   0202 0C                  562 	.db #0x0c	; 12
   0203 00                  563 	.db #0x00	; 0
   0204 00                  564 	.db #0x00	; 0
   0205 00                  565 	.db #0x00	; 0
   0206 00                  566 	.db #0x00	; 0
   0207 00                  567 	.db #0x00	; 0
   0208 00                  568 	.db #0x00	; 0
   0209 00                  569 	.db #0x00	; 0
   020A 7C                  570 	.db #0x7c	; 124
   020B 0E                  571 	.db #0x0e	; 14
   020C 7E                  572 	.db #0x7e	; 126
   020D CE                  573 	.db #0xce	; 206
   020E 7E                  574 	.db #0x7e	; 126
   020F 00                  575 	.db #0x00	; 0
   0210 C0                  576 	.db #0xc0	; 192
   0211 C0                  577 	.db #0xc0	; 192
   0212 FC                  578 	.db #0xfc	; 252
   0213 E6                  579 	.db #0xe6	; 230
   0214 E6                  580 	.db #0xe6	; 230
   0215 E6                  581 	.db #0xe6	; 230
   0216 FC                  582 	.db #0xfc	; 252
   0217 00                  583 	.db #0x00	; 0
   0218 00                  584 	.db #0x00	; 0
   0219 00                  585 	.db #0x00	; 0
   021A 7C                  586 	.db #0x7c	; 124
   021B E6                  587 	.db #0xe6	; 230
   021C E0                  588 	.db #0xe0	; 224
   021D E6                  589 	.db #0xe6	; 230
   021E 7C                  590 	.db #0x7c	; 124
   021F 00                  591 	.db #0x00	; 0
   0220 06                  592 	.db #0x06	; 6
   0221 06                  593 	.db #0x06	; 6
   0222 7E                  594 	.db #0x7e	; 126
   0223 CE                  595 	.db #0xce	; 206
   0224 CE                  596 	.db #0xce	; 206
   0225 CE                  597 	.db #0xce	; 206
   0226 7E                  598 	.db #0x7e	; 126
   0227 00                  599 	.db #0x00	; 0
   0228 00                  600 	.db #0x00	; 0
   0229 00                  601 	.db #0x00	; 0
   022A 7C                  602 	.db #0x7c	; 124
   022B E6                  603 	.db #0xe6	; 230
   022C FE                  604 	.db #0xfe	; 254
   022D E0                  605 	.db #0xe0	; 224
   022E 7E                  606 	.db #0x7e	; 126
   022F 00                  607 	.db #0x00	; 0
   0230 3C                  608 	.db #0x3c	; 60
   0231 70                  609 	.db #0x70	; 112	'p'
   0232 70                  610 	.db #0x70	; 112	'p'
   0233 FC                  611 	.db #0xfc	; 252
   0234 70                  612 	.db #0x70	; 112	'p'
   0235 70                  613 	.db #0x70	; 112	'p'
   0236 70                  614 	.db #0x70	; 112	'p'
   0237 00                  615 	.db #0x00	; 0
   0238 00                  616 	.db #0x00	; 0
   0239 00                  617 	.db #0x00	; 0
   023A 7C                  618 	.db #0x7c	; 124
   023B CE                  619 	.db #0xce	; 206
   023C CE                  620 	.db #0xce	; 206
   023D 7E                  621 	.db #0x7e	; 126
   023E 0E                  622 	.db #0x0e	; 14
   023F 7C                  623 	.db #0x7c	; 124
   0240 C0                  624 	.db #0xc0	; 192
   0241 C0                  625 	.db #0xc0	; 192
   0242 FC                  626 	.db #0xfc	; 252
   0243 E6                  627 	.db #0xe6	; 230
   0244 E6                  628 	.db #0xe6	; 230
   0245 E6                  629 	.db #0xe6	; 230
   0246 E6                  630 	.db #0xe6	; 230
   0247 00                  631 	.db #0x00	; 0
   0248 18                  632 	.db #0x18	; 24
   0249 00                  633 	.db #0x00	; 0
   024A 18                  634 	.db #0x18	; 24
   024B 38                  635 	.db #0x38	; 56	'8'
   024C 38                  636 	.db #0x38	; 56	'8'
   024D 38                  637 	.db #0x38	; 56	'8'
   024E 38                  638 	.db #0x38	; 56	'8'
   024F 00                  639 	.db #0x00	; 0
   0250 0C                  640 	.db #0x0c	; 12
   0251 00                  641 	.db #0x00	; 0
   0252 0C                  642 	.db #0x0c	; 12
   0253 1C                  643 	.db #0x1c	; 28
   0254 1C                  644 	.db #0x1c	; 28
   0255 1C                  645 	.db #0x1c	; 28
   0256 1C                  646 	.db #0x1c	; 28
   0257 F8                  647 	.db #0xf8	; 248
   0258 C0                  648 	.db #0xc0	; 192
   0259 C0                  649 	.db #0xc0	; 192
   025A CC                  650 	.db #0xcc	; 204
   025B D8                  651 	.db #0xd8	; 216
   025C F0                  652 	.db #0xf0	; 240
   025D D8                  653 	.db #0xd8	; 216
   025E CC                  654 	.db #0xcc	; 204
   025F 00                  655 	.db #0x00	; 0
   0260 18                  656 	.db #0x18	; 24
   0261 18                  657 	.db #0x18	; 24
   0262 38                  658 	.db #0x38	; 56	'8'
   0263 38                  659 	.db #0x38	; 56	'8'
   0264 38                  660 	.db #0x38	; 56	'8'
   0265 38                  661 	.db #0x38	; 56	'8'
   0266 38                  662 	.db #0x38	; 56	'8'
   0267 00                  663 	.db #0x00	; 0
   0268 00                  664 	.db #0x00	; 0
   0269 00                  665 	.db #0x00	; 0
   026A FC                  666 	.db #0xfc	; 252
   026B D6                  667 	.db #0xd6	; 214
   026C D6                  668 	.db #0xd6	; 214
   026D D6                  669 	.db #0xd6	; 214
   026E D6                  670 	.db #0xd6	; 214
   026F 00                  671 	.db #0x00	; 0
   0270 00                  672 	.db #0x00	; 0
   0271 00                  673 	.db #0x00	; 0
   0272 FC                  674 	.db #0xfc	; 252
   0273 E6                  675 	.db #0xe6	; 230
   0274 E6                  676 	.db #0xe6	; 230
   0275 E6                  677 	.db #0xe6	; 230
   0276 E6                  678 	.db #0xe6	; 230
   0277 00                  679 	.db #0x00	; 0
   0278 00                  680 	.db #0x00	; 0
   0279 00                  681 	.db #0x00	; 0
   027A 7C                  682 	.db #0x7c	; 124
   027B E6                  683 	.db #0xe6	; 230
   027C E6                  684 	.db #0xe6	; 230
   027D E6                  685 	.db #0xe6	; 230
   027E 7C                  686 	.db #0x7c	; 124
   027F 00                  687 	.db #0x00	; 0
   0280 00                  688 	.db #0x00	; 0
   0281 00                  689 	.db #0x00	; 0
   0282 FC                  690 	.db #0xfc	; 252
   0283 E6                  691 	.db #0xe6	; 230
   0284 E6                  692 	.db #0xe6	; 230
   0285 FC                  693 	.db #0xfc	; 252
   0286 E0                  694 	.db #0xe0	; 224
   0287 E0                  695 	.db #0xe0	; 224
   0288 00                  696 	.db #0x00	; 0
   0289 00                  697 	.db #0x00	; 0
   028A 7E                  698 	.db #0x7e	; 126
   028B CE                  699 	.db #0xce	; 206
   028C CE                  700 	.db #0xce	; 206
   028D 7E                  701 	.db #0x7e	; 126
   028E 0E                  702 	.db #0x0e	; 14
   028F 0E                  703 	.db #0x0e	; 14
   0290 00                  704 	.db #0x00	; 0
   0291 00                  705 	.db #0x00	; 0
   0292 FC                  706 	.db #0xfc	; 252
   0293 E6                  707 	.db #0xe6	; 230
   0294 E0                  708 	.db #0xe0	; 224
   0295 E0                  709 	.db #0xe0	; 224
   0296 E0                  710 	.db #0xe0	; 224
   0297 00                  711 	.db #0x00	; 0
   0298 00                  712 	.db #0x00	; 0
   0299 00                  713 	.db #0x00	; 0
   029A 7E                  714 	.db #0x7e	; 126
   029B E0                  715 	.db #0xe0	; 224
   029C 7C                  716 	.db #0x7c	; 124
   029D 0E                  717 	.db #0x0e	; 14
   029E FC                  718 	.db #0xfc	; 252
   029F 00                  719 	.db #0x00	; 0
   02A0 18                  720 	.db #0x18	; 24
   02A1 18                  721 	.db #0x18	; 24
   02A2 7E                  722 	.db #0x7e	; 126
   02A3 38                  723 	.db #0x38	; 56	'8'
   02A4 38                  724 	.db #0x38	; 56	'8'
   02A5 38                  725 	.db #0x38	; 56	'8'
   02A6 38                  726 	.db #0x38	; 56	'8'
   02A7 00                  727 	.db #0x00	; 0
   02A8 00                  728 	.db #0x00	; 0
   02A9 00                  729 	.db #0x00	; 0
   02AA E6                  730 	.db #0xe6	; 230
   02AB E6                  731 	.db #0xe6	; 230
   02AC E6                  732 	.db #0xe6	; 230
   02AD E6                  733 	.db #0xe6	; 230
   02AE 7E                  734 	.db #0x7e	; 126
   02AF 00                  735 	.db #0x00	; 0
   02B0 00                  736 	.db #0x00	; 0
   02B1 00                  737 	.db #0x00	; 0
   02B2 E6                  738 	.db #0xe6	; 230
   02B3 E6                  739 	.db #0xe6	; 230
   02B4 E6                  740 	.db #0xe6	; 230
   02B5 6C                  741 	.db #0x6c	; 108	'l'
   02B6 38                  742 	.db #0x38	; 56	'8'
   02B7 00                  743 	.db #0x00	; 0
   02B8 00                  744 	.db #0x00	; 0
   02B9 00                  745 	.db #0x00	; 0
   02BA D6                  746 	.db #0xd6	; 214
   02BB D6                  747 	.db #0xd6	; 214
   02BC D6                  748 	.db #0xd6	; 214
   02BD D6                  749 	.db #0xd6	; 214
   02BE FC                  750 	.db #0xfc	; 252
   02BF 00                  751 	.db #0x00	; 0
   02C0 00                  752 	.db #0x00	; 0
   02C1 00                  753 	.db #0x00	; 0
   02C2 E6                  754 	.db #0xe6	; 230
   02C3 7C                  755 	.db #0x7c	; 124
   02C4 38                  756 	.db #0x38	; 56	'8'
   02C5 7C                  757 	.db #0x7c	; 124
   02C6 CE                  758 	.db #0xce	; 206
   02C7 00                  759 	.db #0x00	; 0
   02C8 00                  760 	.db #0x00	; 0
   02C9 00                  761 	.db #0x00	; 0
   02CA CE                  762 	.db #0xce	; 206
   02CB CE                  763 	.db #0xce	; 206
   02CC CE                  764 	.db #0xce	; 206
   02CD 7E                  765 	.db #0x7e	; 126
   02CE 0E                  766 	.db #0x0e	; 14
   02CF FC                  767 	.db #0xfc	; 252
   02D0 00                  768 	.db #0x00	; 0
   02D1 00                  769 	.db #0x00	; 0
   02D2 FE                  770 	.db #0xfe	; 254
   02D3 1C                  771 	.db #0x1c	; 28
   02D4 38                  772 	.db #0x38	; 56	'8'
   02D5 70                  773 	.db #0x70	; 112	'p'
   02D6 FE                  774 	.db #0xfe	; 254
   02D7 00                  775 	.db #0x00	; 0
   02D8 0C                  776 	.db #0x0c	; 12
   02D9 18                  777 	.db #0x18	; 24
   02DA 18                  778 	.db #0x18	; 24
   02DB 30                  779 	.db #0x30	; 48	'0'
   02DC 18                  780 	.db #0x18	; 24
   02DD 18                  781 	.db #0x18	; 24
   02DE 0C                  782 	.db #0x0c	; 12
   02DF 00                  783 	.db #0x00	; 0
   02E0 18                  784 	.db #0x18	; 24
   02E1 18                  785 	.db #0x18	; 24
   02E2 18                  786 	.db #0x18	; 24
   02E3 18                  787 	.db #0x18	; 24
   02E4 18                  788 	.db #0x18	; 24
   02E5 18                  789 	.db #0x18	; 24
   02E6 18                  790 	.db #0x18	; 24
   02E7 18                  791 	.db #0x18	; 24
   02E8 60                  792 	.db #0x60	; 96
   02E9 30                  793 	.db #0x30	; 48	'0'
   02EA 30                  794 	.db #0x30	; 48	'0'
   02EB 18                  795 	.db #0x18	; 24
   02EC 30                  796 	.db #0x30	; 48	'0'
   02ED 30                  797 	.db #0x30	; 48	'0'
   02EE 60                  798 	.db #0x60	; 96
   02EF 00                  799 	.db #0x00	; 0
   02F0 70                  800 	.db #0x70	; 112	'p'
   02F1 DB                  801 	.db #0xdb	; 219
   02F2 0E                  802 	.db #0x0e	; 14
   02F3 00                  803 	.db #0x00	; 0
   02F4 00                  804 	.db #0x00	; 0
   02F5 00                  805 	.db #0x00	; 0
   02F6 00                  806 	.db #0x00	; 0
   02F7 00                  807 	.db #0x00	; 0
   02F8 00                  808 	.db #0x00	; 0
   02F9 00                  809 	.db #0x00	; 0
   02FA 10                  810 	.db #0x10	; 16
   02FB 28                  811 	.db #0x28	; 40
   02FC 44                  812 	.db #0x44	; 68	'D'
   02FD FE                  813 	.db #0xfe	; 254
   02FE 00                  814 	.db #0x00	; 0
   02FF 00                  815 	.db #0x00	; 0
                            816 	.area _CABS (ABS)
